Copyright 1986-2021 Xilinx, Inc. All Rights Reserved.
----------------------------------------------------------------------------------------
| Tool Version : Vivado v.2021.2 (win64) Build 3367213 Tue Oct 19 02:48:09 MDT 2021
| Date         : Wed May  3 14:28:15 2023
| Host         : LAPTOP-98HHQTBC running 64-bit major release  (build 9200)
| Command      : report_control_sets -verbose -file AHBLITE_SYS_control_sets_placed.rpt
| Design       : AHBLITE_SYS
| Device       : xc7a100t
----------------------------------------------------------------------------------------

Control Set Information

Table of Contents
-----------------
1. Summary
2. Histogram
3. Flip-Flop Distribution
4. Detailed Control Set Information

1. Summary
----------

+----------------------------------------------------------+-------+
|                          Status                          | Count |
+----------------------------------------------------------+-------+
| Total control sets                                       |    87 |
|    Minimum number of control sets                        |    87 |
|    Addition due to synthesis replication                 |     0 |
|    Addition due to physical synthesis replication        |     0 |
| Unused register locations in slices containing registers |   252 |
+----------------------------------------------------------+-------+
* Control sets can be merged at opt_design using control_set_merge or merge_equivalent_drivers
** Run report_qor_suggestions for automated merging and remapping suggestions


2. Histogram
------------

+--------------------+-------+
|       Fanout       | Count |
+--------------------+-------+
| Total control sets |    87 |
| >= 0 to < 4        |     5 |
| >= 4 to < 6        |    15 |
| >= 6 to < 8        |    19 |
| >= 8 to < 10       |    17 |
| >= 10 to < 12      |     1 |
| >= 12 to < 14      |     3 |
| >= 14 to < 16      |     0 |
| >= 16              |    27 |
+--------------------+-------+
* Control sets can be remapped at either synth_design or opt_design


3. Flip-Flop Distribution
-------------------------

+--------------+-----------------------+------------------------+-----------------+--------------+
| Clock Enable | Synchronous Set/Reset | Asynchronous Set/Reset | Total Registers | Total Slices |
+--------------+-----------------------+------------------------+-----------------+--------------+
| No           | No                    | No                     |             125 |           71 |
| No           | No                    | Yes                    |             267 |          143 |
| No           | Yes                   | No                     |              29 |           10 |
| Yes          | No                    | No                     |             488 |          251 |
| Yes          | No                    | Yes                    |             307 |          118 |
| Yes          | Yes                   | No                     |             140 |           64 |
+--------------+-----------------------+------------------------+-----------------+--------------+


4. Detailed Control Set Information
-----------------------------------

+---------------------+-------------------------------------------------------+-------------------------------------------------------------+------------------+----------------+--------------+
|     Clock Signal    |                     Enable Signal                     |                       Set/Reset Signal                      | Slice Load Count | Bel Load Count | Bels / Slice |
+---------------------+-------------------------------------------------------+-------------------------------------------------------------+------------------+----------------+--------------+
|  CLK_IBUF_BUFG      |                                                       |                                                             |                1 |              1 |         1.00 |
|  fclk               |                                                       | uAHBVGA/uVGAInterface/HorzAddrCounter/counter_reg[7]_0      |                1 |              1 |         1.00 |
|  fclk               |                                                       | uAHBVGA/uVGAInterface/VertAddrCounter/counter_reg[9]_1      |                1 |              1 |         1.00 |
|  fclk               | uAHBVGA/uVGAInterface/FreqDivider/TrigDiv             | uAHBVGA/uVGAInterface/HorzAddrCounter/counter[9]_i_1_n_0    |                2 |              3 |         1.50 |
|  fclk               | uAHBMUX/hreadys                                       | u_CORTEXM0INTEGRATION/u_logic/APHASE_MUX_SEL_reg[3]         |                1 |              3 |         3.00 |
|  uAHB7SEGDEC/p_0_in |                                                       | u_CORTEXM0INTEGRATION/reset_sync_reg_reg[4]                 |                1 |              4 |         4.00 |
|  fclk               | u_CORTEXM0INTEGRATION/u_logic/Iixpw6_i_1_n_0          |                                                             |                3 |              4 |         1.33 |
|  fclk               | uAHBGPIO/last_HSEL_reg_0[0]                           | u_CORTEXM0INTEGRATION/reset_sync_reg_reg[4]                 |                1 |              4 |         4.00 |
|  fclk               | uAHBUART/uFIFO_RX/r_ptr_reg[3]_i_1_n_0                | u_CORTEXM0INTEGRATION/reset_sync_reg_reg[4]                 |                1 |              4 |         4.00 |
|  fclk               | uAHBUART/uFIFO_TX/r_ptr_reg[0]_i_1_n_0                | u_CORTEXM0INTEGRATION/reset_sync_reg_reg[4]                 |                1 |              4 |         4.00 |
|  fclk               | u_CORTEXM0INTEGRATION/u_logic/Vpgbx6_i_1_n_0          | u_CORTEXM0INTEGRATION/reset_sync_reg_reg[4]                 |                1 |              4 |         4.00 |
|  fclk               |                                                       | RESET_IBUF                                                  |                1 |              4 |         4.00 |
|  fclk               | uAHBUART/uUART_RX/b_reg_reg[3]_0                      | u_CORTEXM0INTEGRATION/reset_sync_reg_reg[4]                 |                2 |              4 |         2.00 |
|  fclk               | uAHBUART/uUART_RX/b_next                              | u_CORTEXM0INTEGRATION/reset_sync_reg_reg[4]                 |                2 |              4 |         2.00 |
|  fclk               | uAHBUART/uUART_TX/b_next                              | u_CORTEXM0INTEGRATION/reset_sync_reg_reg[4]                 |                1 |              4 |         4.00 |
|  fclk               | u_CORTEXM0INTEGRATION/u_logic/Wxjpw6_i_1_n_0          |                                                             |                2 |              4 |         2.00 |
|  fclk               | uAHBGPIO/w_en                                         | u_CORTEXM0INTEGRATION/reset_sync_reg_reg[4]                 |                2 |              4 |         2.00 |
|  fclk               | u_CORTEXM0INTEGRATION/u_logic/Sqkax6_i_1_n_0          |                                                             |                4 |              4 |         1.00 |
|  fclk               | uAHBVGA/uvga_console/uvideo_ram/E[0]                  | u_CORTEXM0INTEGRATION/reset_sync_reg_reg[4]                 |                2 |              5 |         2.50 |
|  fclk               | uAHBVGA/uvga_console/uvideo_ram/cur_y_reg_reg[3][0]   | u_CORTEXM0INTEGRATION/reset_sync_reg_reg[4]                 |                1 |              5 |         5.00 |
|  fclk               | u_CORTEXM0INTEGRATION/u_logic/Zgzpw6_i_1_n_0          | u_CORTEXM0INTEGRATION/u_logic/Tg0qw6_i_1_n_0                |                2 |              6 |         3.00 |
|  fclk               | u_CORTEXM0INTEGRATION/u_logic/S5nax6_i_1_n_0          | u_CORTEXM0INTEGRATION/u_logic/Nznax6_i_1_n_0                |                5 |              6 |         1.20 |
|  fclk               | uAHBVGA/uVGAInterface/FreqDivider/TrigDiv             |                                                             |                2 |              6 |         3.00 |
|  fclk               | u_CORTEXM0INTEGRATION/u_logic/Qsmiu6                  | u_CORTEXM0INTEGRATION/u_logic/Cdwpw6_i_1_n_0                |                6 |              6 |         1.00 |
|  fclk               | u_CORTEXM0INTEGRATION/u_logic/Ydkiu6                  | u_CORTEXM0INTEGRATION/u_logic/Cfwpw6_i_1_n_0                |                4 |              6 |         1.50 |
|  fclk               | u_CORTEXM0INTEGRATION/u_logic/Xsmiu6                  | u_CORTEXM0INTEGRATION/u_logic/V5vax6_i_1_n_0                |                3 |              6 |         2.00 |
|  fclk               | u_CORTEXM0INTEGRATION/u_logic/A5qax6_i_1_n_0          | u_CORTEXM0INTEGRATION/u_logic/U0rax6_i_1_n_0                |                2 |              6 |         3.00 |
|  fclk               | u_CORTEXM0INTEGRATION/u_logic/Numiu6                  | u_CORTEXM0INTEGRATION/u_logic/C5wpw6_i_1_n_0                |                4 |              6 |         1.50 |
|  fclk               | u_CORTEXM0INTEGRATION/u_logic/Cmlax6_i_1_n_0          | u_CORTEXM0INTEGRATION/u_logic/Whmax6_i_1_n_0                |                3 |              6 |         2.00 |
|  fclk               | hresetn                                               |                                                             |                2 |              6 |         3.00 |
|  fclk               | u_CORTEXM0INTEGRATION/u_logic/Csmiu6                  | u_CORTEXM0INTEGRATION/u_logic/Eotax6_i_1_n_0                |                2 |              6 |         3.00 |
|  fclk               | u_CORTEXM0INTEGRATION/u_logic/Gumiu6                  | u_CORTEXM0INTEGRATION/u_logic/C7wpw6_i_1_n_0                |                2 |              6 |         3.00 |
|  fclk               | u_CORTEXM0INTEGRATION/u_logic/Kloax6_i_1_n_0          | u_CORTEXM0INTEGRATION/u_logic/Ehpax6_i_1_n_0                |                2 |              6 |         3.00 |
|  fclk               | u_CORTEXM0INTEGRATION/u_logic/Etmiu6                  | u_CORTEXM0INTEGRATION/u_logic/Cbwpw6_i_1_n_0                |                3 |              6 |         2.00 |
|  fclk               | u_CORTEXM0INTEGRATION/u_logic/Jsmiu6                  | u_CORTEXM0INTEGRATION/u_logic/Lpwax6_i_1_n_0                |                2 |              6 |         3.00 |
|  fclk               | u_CORTEXM0INTEGRATION/u_logic/Ltmiu6                  | u_CORTEXM0INTEGRATION/u_logic/C9wpw6_i_1_n_0                |                3 |              6 |         2.00 |
|  fclk               | u_CORTEXM0INTEGRATION/u_logic/Ztmiu6                  | u_CORTEXM0INTEGRATION/u_logic/De6bx6_i_1_n_0                |                4 |              6 |         1.50 |
|  fclk               | u_CORTEXM0INTEGRATION/u_logic/Stmiu6                  | u_CORTEXM0INTEGRATION/u_logic/O4sax6_i_1_n_0                |                3 |              6 |         2.00 |
|  fclk               | uAHBVGA/uvga_console/uvideo_ram/scroll_reg[0]         | u_CORTEXM0INTEGRATION/reset_sync_reg_reg[4]                 |                2 |              7 |         3.50 |
|  fclk               | uAHBUART/uUART_TX/data_next_0                         | u_CORTEXM0INTEGRATION/reset_sync_reg_reg[4]                 |                2 |              8 |         4.00 |
|  fclk               | u_CORTEXM0INTEGRATION/u_logic/Cy4bx6_i_1_n_0          | u_CORTEXM0INTEGRATION/reset_sync_reg_reg[4]                 |                2 |              8 |         4.00 |
|  fclk               | u_CORTEXM0INTEGRATION/u_logic/Eyyax6_i_1_n_0          | u_CORTEXM0INTEGRATION/reset_sync_reg_reg[4]                 |                4 |              8 |         2.00 |
|  fclk               | u_CORTEXM0INTEGRATION/u_logic/G54bx6_i_1_n_0          | u_CORTEXM0INTEGRATION/reset_sync_reg_reg[4]                 |                4 |              8 |         2.00 |
|  fclk               | u_CORTEXM0INTEGRATION/u_logic/Tgzax6_i_1_n_0          | u_CORTEXM0INTEGRATION/reset_sync_reg_reg[4]                 |                2 |              8 |         4.00 |
|  fclk               | uAHBGPIO/E[0]                                         | u_CORTEXM0INTEGRATION/reset_sync_reg_reg[4]                 |                3 |              8 |         2.67 |
|  fclk               | uAHBGPIO/last_HWRITE_reg_2[0]                         | u_CORTEXM0INTEGRATION/reset_sync_reg_reg[4]                 |                4 |              8 |         2.00 |
|  fclk               | uAHBGPIO/last_HWRITE_reg_3[0]                         | u_CORTEXM0INTEGRATION/reset_sync_reg_reg[4]                 |                4 |              8 |         2.00 |
|  fclk               | uAHBGPIO/last_HWRITE_reg_1[0]                         | u_CORTEXM0INTEGRATION/reset_sync_reg_reg[4]                 |                2 |              8 |         4.00 |
|  fclk               | u_CORTEXM0INTEGRATION/u_logic/Wpyax6_i_1_n_0          | u_CORTEXM0INTEGRATION/reset_sync_reg_reg[4]                 |                2 |              8 |         4.00 |
|  fclk               | u_CORTEXM0INTEGRATION/u_logic/Oa5bx6_i_1_n_0          | u_CORTEXM0INTEGRATION/reset_sync_reg_reg[4]                 |                3 |              8 |         2.67 |
|  fclk               | u_CORTEXM0INTEGRATION/u_logic/Rezax6_i_1_n_0          | u_CORTEXM0INTEGRATION/reset_sync_reg_reg[4]                 |                2 |              8 |         4.00 |
|  fclk               | u_CORTEXM0INTEGRATION/u_logic/Sh4bx6_i_1_n_0          | u_CORTEXM0INTEGRATION/reset_sync_reg_reg[4]                 |                3 |              8 |         2.67 |
|  fclk               |                                                       | uAHBVGA/uVGAInterface/HorzAddrCounter/counter_reg[9]_0      |                2 |              8 |         4.00 |
|  fclk               | uAHBUART/uUART_RX/data_next                           | u_CORTEXM0INTEGRATION/reset_sync_reg_reg[4]                 |                1 |              8 |         8.00 |
|  fclk               |                                                       | uAHBVGA/uVGAInterface/VertAddrCounter/SR[0]                 |                3 |              9 |         3.00 |
|  fclk               | uAHBVGA/uVGAInterface/HorzAddrCounter/TrigHOut        | uAHBVGA/uVGAInterface/VertAddrCounter/counter[9]_i_1__0_n_0 |                3 |              9 |         3.00 |
|  fclk               |                                                       | uAHBVGA/uVGAInterface/HorzAddrCounter/SR[0]                 |                3 |             10 |         3.33 |
|  fclk               | uAHBUART/uUART_RX/b_reg_reg[3]_0                      |                                                             |                2 |             12 |         6.00 |
|  fclk               | uAHBGPIO/w_en                                         |                                                             |                2 |             12 |         6.00 |
|  fclk               | uAHBVGA/uvga_console/uvideo_ram/reset_addr[0]_i_2_n_0 | uAHBVGA/uvga_console/uvideo_ram/reset_n_buf_reg[0]_0        |                4 |             13 |         3.25 |
|  fclk               | uAHBGPIO/gpio_dir0                                    | u_CORTEXM0INTEGRATION/reset_sync_reg_reg[4]                 |                4 |             16 |         4.00 |
|  fclk               | uAHBGPIO/gpio_datain[15]_i_1_n_0                      | u_CORTEXM0INTEGRATION/reset_sync_reg_reg[4]                 |                3 |             16 |         5.33 |
|  fclk               | uAHBVGA/uvga_image/uimage_ram/reset_addr[0]_i_1_n_0   | uAHBVGA/uvga_console/uvideo_ram/reset_n_buf_reg[0]_0        |                4 |             16 |         4.00 |
|  fclk               | u_CORTEXM0INTEGRATION/u_logic/Wnxax6_i_1_n_0          |                                                             |               16 |             24 |         1.50 |
|  fclk               | uAHBGPIO/gpio_dataout0                                | u_CORTEXM0INTEGRATION/reset_sync_reg_reg[4]                 |                7 |             24 |         3.43 |
|  fclk               | u_CORTEXM0INTEGRATION/u_logic/Zgzpw6_i_1_n_0          |                                                             |                8 |             24 |         3.00 |
|  fclk               | u_CORTEXM0INTEGRATION/u_logic/Ydkiu6                  |                                                             |               14 |             24 |         1.71 |
|  fclk               | u_CORTEXM0INTEGRATION/u_logic/Gumiu6                  |                                                             |               10 |             26 |         2.60 |
|  fclk               | u_CORTEXM0INTEGRATION/u_logic/Csmiu6                  |                                                             |               15 |             26 |         1.73 |
|  fclk               | uAHBMUX/hreadys                                       | u_CORTEXM0INTEGRATION/reset_sync_reg_reg[4]                 |               12 |             26 |         2.17 |
|  fclk               | u_CORTEXM0INTEGRATION/u_logic/Ltmiu6                  |                                                             |               11 |             26 |         2.36 |
|  fclk               | u_CORTEXM0INTEGRATION/u_logic/A5qax6_i_1_n_0          |                                                             |               10 |             26 |         2.60 |
|  fclk               | u_CORTEXM0INTEGRATION/u_logic/Numiu6                  |                                                             |               11 |             26 |         2.36 |
|  fclk               | u_CORTEXM0INTEGRATION/u_logic/Xsmiu6                  |                                                             |               15 |             26 |         1.73 |
|  fclk               | u_CORTEXM0INTEGRATION/u_logic/Etmiu6                  |                                                             |               18 |             26 |         1.44 |
|  fclk               | u_CORTEXM0INTEGRATION/u_logic/Qsmiu6                  |                                                             |               19 |             26 |         1.37 |
|  fclk               | u_CORTEXM0INTEGRATION/u_logic/Cmlax6_i_1_n_0          |                                                             |               17 |             26 |         1.53 |
|  fclk               | u_CORTEXM0INTEGRATION/u_logic/S5nax6_i_1_n_0          |                                                             |               16 |             26 |         1.62 |
|  fclk               | u_CORTEXM0INTEGRATION/u_logic/Jsmiu6                  |                                                             |               11 |             26 |         2.36 |
|  fclk               | u_CORTEXM0INTEGRATION/u_logic/Kloax6_i_1_n_0          |                                                             |                8 |             26 |         3.25 |
|  fclk               | u_CORTEXM0INTEGRATION/u_logic/Stmiu6                  |                                                             |               15 |             26 |         1.73 |
|  fclk               | u_CORTEXM0INTEGRATION/u_logic/Ztmiu6                  |                                                             |               10 |             26 |         2.60 |
|  fclk               | uAHBMUX/hreadys                                       |                                                             |               14 |             28 |         2.00 |
|  fclk               | uAHBTIMER/uprescaler16/E[0]                           | u_CORTEXM0INTEGRATION/reset_sync_reg_reg[4]                 |               23 |             32 |         1.39 |
|  fclk               | uAHBGPIO/last_HADDR_reg[3]_1[0]                       | u_CORTEXM0INTEGRATION/reset_sync_reg_reg[4]                 |               15 |             32 |         2.13 |
|  fclk               |                                                       |                                                             |               70 |            124 |         1.77 |
|  fclk               |                                                       | u_CORTEXM0INTEGRATION/reset_sync_reg_reg[4]                 |              141 |            259 |         1.84 |
+---------------------+-------------------------------------------------------+-------------------------------------------------------------+------------------+----------------+--------------+


